  step 1: list_dir {"path":"","depth":2}
     → ok Contents of (depth 2): .keep
  step 2: write_file {"path":"inventory/__init__.py","content":"# inventory package\n"}
     → ok Created inventory/__init__.py.
  step 3: write_file {"path":"inventory/models.py","content":"from dataclasses import dataclass\nfrom datetime import datetime\n\n@
     → ok Created inventory/models.py.
  step 4: write_file {"path":"inventory/storage.py","content":"import json\nimport os\nfrom pathlib import Path\nfrom typing import
     → ok Created inventory/storage.py.
  step 5: write_file {"path":"inventory/rules.py","content":"from datetime import datetime, timedelta\n\n# Constants\nMAX_ACTIVE_LO
     → ok Created inventory/rules.py.
  step 6: write_file {"path":"inventory/services.py","content":"import json\nfrom datetime import datetime, timedelta\nfrom pathlib
     → ok Created inventory/services.py.
  step 7: write_file {"path":"inventory/reports.py","content":"from collections import Counter\nfrom datetime import datetime\nfrom
     → ok Created inventory/reports.py.
  step 8: read_file {"path":"inventory/models.py","line_start":1,"line_end":200}
     → ok Note: read_file has no arg "line_start" (ignored) — did you mean "start_line"? Note: read_
  step 9: write_file {"path":"inventory/cli.py","content":"import argparse\nimport sys\nimport tempfile\nimport os\nfrom pathlib im
     → ok Created inventory/cli.py.
  step 10: write_file {"path":"main.py","content":"from inventory.cli import main\n\nif __name__ == \"__main__\":\n    main()\n"}
     → ok Created main.py.
  step 11: run_command {"command":"python3 -m py_compile inventory/models.py"}
     → ok $ python3 -m py_compile inventory/models.py (exit code: 0) (no output)
  step 12: run_command {"command":"python3 -m py_compile inventory/storage.py"}
     → ok $ python3 -m py_compile inventory/storage.py (exit code: 0) (no output)
  step 13: run_command {"command":"python3 -m py_compile inventory/services.py"}
     → ok $ python3 -m py_compile inventory/services.py (exit code: 0) (no output)
  step 14: run_command {"command":"python3 -m py_compile inventory/reports.py"}
     → ok $ python3 -m py_compile inventory/reports.py (exit code: 0) (no output)
  step 15: run_command {"command":"python3 main.py demo"}
     → ok $ python3 main.py demo (exit code: 0) ISBN1
  step 16: run_command {"command":"python3 -m py_compile inventory/models.py"}
     → ok $ python3 -m py_compile inventory/models.py (exit code: 0) (no output)
  step 17: run_command {"command":"python3 main.py demo"}
     → ok $ python3 main.py demo (exit code: 0) ISBN1
  step 18: run_command {"command":"python3 main.py demo"}
     → ok $ python3 main.py demo (exit code: 0) ISBN1
  step 19: run_command {"command":"python3 main.py return --db testdb.json --isbn ISBN1 --date 2023-01-20"}
     → FAIL $ python3 main.py return --db testdb.json --isbn ISBN1 --date 2023-01-20 (exit code: 1) er
  step 20: run_command {"command":"python3 main.py add-book --db testdb.json --isbn ISBN1 --title \"Book One\" --author \"Author A\""
     → ok $ python3 main.py add-book --db testdb.json --isbn ISBN1 --title "Book One" --author "Auth
  step 21: run_command {"command":"python3 main.py add-book --db testdb.json --isbn ISBN1 --title \"Book One\" --author \"Author A\""
     → FAIL $ python3 main.py add-book --db testdb.json --isbn ISBN1 --title "Book One" --author "Auth
  step 22: run_command {"command":"python3 - <<'PY'\nimport json, os, tempfile\nfrom inventory import storage, services\n\n# create t
     → FAIL $ python3 - <<'PY' import json, os, tempfile from inventory import storage, services # cre
  step 23: run_command {"command":"python3 - <<'PY'\nimport os, tempfile, subprocess, textwrap\n# create temp db\nfd, db_path = tempf
     → ok $ python3 - <<'PY' import os, tempfile, subprocess, textwrap # create temp db fd, db_path 
  step 24: run_command {"command":"python3 - <<'PY'\nimport os, tempfile, subprocess\nfd, db_path = tempfile.mkstemp()\nos.close(fd)\
     → ok $ python3 - <<'PY' import os, tempfile, subprocess fd, db_path = tempfile.mkstemp() os.clo
  step 25: run_command {"command":"python3 - <<'PY'\nimport os, tempfile, subprocess\nfd, db_path = tempfile.mkstemp()\nos.close(fd)\
     → ok $ python3 - <<'PY' import os, tempfile, subprocess fd, db_path = tempfile.mkstemp() os.clo
  step 26: run_command {"tool":"run_command","args":{"command":"python3 - <<'PY'\nimport os, tempfile, subprocess\nfd, db_path = temp
     → FAIL You nested a whole action inside "args". Resend as {"tool":"run_command","args":{"command"
  step 27: run_command {"command":"python3 - <<'PY'\nimport os, tempfile, subprocess\nfd, db_path = tempfile.mkstemp()\nos.close(fd)\
     → ok $ python3 - <<'PY' import os, tempfile, subprocess fd, db_path = tempfile.mkstemp() os.clo
  step 28: run_command {"command":"python3 - <<'PY'\nimport os, tempfile, subprocess\nfd, db_path = tempfile.mkstemp()\nos.close(fd)\
     → ok $ python3 - <<'PY' import os, tempfile, subprocess fd, db_path = tempfile.mkstemp() os.clo
  step 29: run_command {"command":"python3 -m py_compile inventory/rules.py"}
     → ok $ python3 -m py_compile inventory/rules.py (exit code: 0) (no output)
  step 30: run_command {"command":"python3 -m py_compile inventory/cli.py"}
     → ok $ python3 -m py_compile inventory/cli.py (exit code: 0) (no output)
  step 31: run_command {"command":"python3 -m py_compile main.py"}
     → ok $ python3 -m py_compile main.py (exit code: 0) (no output)
  step 32: run_command {"command":"python3 main.py demo"}
     → ok $ python3 main.py demo (exit code: 0) ISBN1

PASS t09-harder-build [mlx/773a7da77e569019bb0fd17a554b263738d669a3 thinking=auto] 73 iterations, 801.8s (model 1314.24s, tools 3.81s), cache hit 34.2%, reads 1 (redundant 0)
