  step 1: list_dir {"path":"","depth":2}
     → ok Contents of (depth 2): .keep
  step 2: write_file {"path":"inventory/models.py","content":"from dataclasses import dataclass\nfrom datetime import date\n\n@data
     → ok Created inventory/models.py.
  step 3: write_file {"path":"inventory/storage.py","content":"import json\nimport os\nfrom pathlib import Path\nfrom typing import
     → ok Created inventory/storage.py.
  step 4: write_file {"path":"inventory/rules.py","content":"from datetime import date, timedelta\n\nMAX_ACTIVE_LOANS = 3\nLOAN_PER
     → ok Created inventory/rules.py.
  step 5: write_file {"path":"inventory/services.py","content":"from datetime import date, timedelta\nfrom typing import List\n\nfr
     → ok Created inventory/services.py.
  step 6: write_file {"path":"inventory/reports.py","content":"from datetime import date\nfrom collections import Counter\nfrom typ
     → ok Created inventory/reports.py.
  step 7: write_file {"path":"inventory/cli.py","content":"import argparse\nimport sys\nfrom pathlib import Path\n\nfrom .storage i
     → ok Created inventory/cli.py.
  step 8: write_file {"path":"main.py","content":"from inventory.cli import main\n\nif __name__ == \"__main__\":\n    main()\n"}
     → ok Created main.py.
  step 9: run_command {"command":["bash","-lc","python3 -m py_compile inventory/models.py inventory/storage.py inventory/rules.py in
     → FAIL Note: run_command has no arg "timeout" (ignored) — did you mean "timeout_ms"? Arg "command
  step 10: run_command {"tool":"run_command","args":{"command":"python3 -m py_compile inventory/models.py inventory/storage.py invent
     → FAIL You nested a whole action inside "args". Resend as {"tool":"run_command","args":{"command"
  step 11: run_command {"command":"python3 -m py_compile inventory/models.py inventory/storage.py inventory/rules.py inventory/servic
     → ok $ python3 -m py_compile inventory/models.py inventory/storage.py inventory/rules.py invent
  step 12: run_command {"command":"python3 main.py demo"}
     → FAIL $ python3 main.py demo (exit code: 1) error: Expecting value: line 1 column 1 (char 0)
  step 13: write_file {"path":"inventory/storage.py","search":"def _load(self):","replace":"    def _load(self):\n        if self.db
     → ok Updated inventory/storage.py. Now inventory/storage.py (lines 19-38 of 107): 19| 20| def _
  step 14: read_file {"path":"inventory/storage.py","line_start":1,"line_end":120}
     → ok Note: read_file has no arg "line_start" (ignored) — did you mean "start_line"? Note: read_
  step 15: write_file {"path":"inventory/storage.py","search":"def _load(self):","replace":"    def _load(self):\n        if self.db
     → ok Updated inventory/storage.py. Now inventory/storage.py (lines 35-54 of 123): 35| self._sav
  step 16: read_file {"path":"inventory/storage.py","line_start":1,"line_end":70}
     → ok Note: read_file has no arg "line_start" (ignored) — did you mean "start_line"? Note: read_
  step 17: write_file {"path":"inventory/storage.py","search":"def _load(self):","replace":"    def _load(self):\n        if self.db
     → ok Updated inventory/storage.py. Now inventory/storage.py (lines 51-70 of 139): 51| self._sav
  step 18: write_file {"path":"inventory/storage.py","content":"import json\nfrom pathlib import Path\nfrom typing import Dict, List
     → ok Updated inventory/storage.py. Now inventory/storage.py (lines 1-36 of 100): 1| import json
  step 19: run_command {"command":"bash -lc \"python3 main.py add-book --db testdb.json --isbn 111 --title 'Test Book' --author 'Auth
     → ok $ bash -lc "python3 main.py add-book --db testdb.json --isbn 111 --title 'Test Book' --aut
  step 20: run_command {"command":"bash -lc \"python3 main.py add-member --db testdb.json --member-id 1 --name 'Alice'\""}
     → ok $ bash -lc "python3 main.py add-member --db testdb.json --member-id 1 --name 'Alice'" (exi
  step 21: run_command {"command":"bash -lc \"python3 main.py borrow --db testdb.json --member-id 1 --isbn 111 --date 2023-01-01\""}
     → ok $ bash -lc "python3 main.py borrow --db testdb.json --member-id 1 --isbn 111 --date 2023-0
  step 22: run_command {"command":"bash -lc \"python3 main.py return --db testdb.json --isbn 111 --date 2023-01-20\""}
     → ok $ bash -lc "python3 main.py return --db testdb.json --isbn 111 --date 2023-01-20" (exit co
  step 23: run_command {"command":"bash -lc \"python3 main.py borrow --db testdb.json --member-id 1 --isbn 111 --date 2023-02-01\""}
     → ok $ bash -lc "python3 main.py borrow --db testdb.json --member-id 1 --isbn 111 --date 2023-0
  step 24: run_command {"command":"bash -lc \"python3 main.py overdue --db testdb.json --date 2023-02-20\""}
     → ok $ bash -lc "python3 main.py overdue --db testdb.json --date 2023-02-20" (exit code: 0) 111
  step 25: run_command {"command":"bash -lc \"python3 main.py fees --db testdb.json\""}
     → ok $ bash -lc "python3 main.py fees --db testdb.json" (exit code: 0) 1: 1.25

PASS t09-harder-build [mlx/773a7da77e569019bb0fd17a554b263738d669a3 thinking=auto] 53 iterations, 238.0s (model 468.9s, tools 0.52s), cache hit 94.7%, reads 2 (redundant 0)
