  step 1: write_file {"path":"tracker/__init__.py","content":"# tracker package\n"}
     → ok Created tracker/__init__.py.
  step 2: write_file {"path":"tracker/models.py","content":"from dataclasses import dataclass\nfrom datetime import datetime\n\n@da
     → ok Created tracker/models.py.
  step 3: write_file {"path":"tracker/storage.py","content":"import json\nfrom pathlib import Path\nfrom typing import List\n\nfrom
     → ok Created tracker/storage.py.
  step 4: write_file {"path":"tracker/reports.py","content":"from collections import defaultdict\nfrom typing import List\n\nfrom .
     → ok Created tracker/reports.py.
  step 5: write_file {"path":"tracker/cli.py","content":"import argparse\nimport sys\nfrom pathlib import Path\n\nfrom .models impo
     → ok Created tracker/cli.py.
  step 6: write_file {"path":"main.py","content":"#!/usr/bin/env python3\n\nfrom tracker.cli import main\n\nif __name__ == \"__main
     → ok Created main.py.
  step 7: run_command {"command":"python3 -m py_compile tracker/models.py"}
     → ok $ python3 -m py_compile tracker/models.py (exit code: 0) (no output)
  step 8: run_command {"command":"python3 -m py_compile tracker/storage.py"}
     → ok $ python3 -m py_compile tracker/storage.py (exit code: 0) (no output)
  step 9: run_command {"command":"python3 -m py_compile tracker/reports.py"}
     → ok $ python3 -m py_compile tracker/reports.py (exit code: 0) (no output)
  step 10: run_command {"command":"python3 -m py_compile tracker/cli.py"}
     → ok $ python3 -m py_compile tracker/cli.py (exit code: 0) (no output)
  step 11: run_command {"command":"python3 main.py demo"}
     → ok $ python3 main.py demo (exit code: 0) Demo expenses added to /var/folders/6_/0y34b0x51zlcn
  step 12: run_command {"command":"python3 main.py add --db test_expenses.json --amount 20.0 --category utilities --note water --date
     → ok $ python3 main.py add --db test_expenses.json --amount 20.0 --category utilities --note wa
  step 13: run_command {"command":"python3 main.py list --db test_expenses.json"}
     → ok $ python3 main.py list --db test_expenses.json (exit code: 0) 2026-02-01 | utilities | 20.

PASS t08-five-file-build [mlx/773a7da77e569019bb0fd17a554b263738d669a3 thinking=auto] 27 iterations, 124.7s (model 234.5s, tools 0.24s), cache hit 91.3%, reads 0 (redundant 0)
