  step 1: write_file {"path":"inventory/__init__.py","content":"# inventory package\n"}
     → ok Created inventory/__init__.py.
  step 2: write_file {"path":"inventory/models.py","content":"\"\"\"Data models for the library system.\"\"\"\n\nfrom __future__ im
     → ok Created inventory/models.py.
  step 3: write_file {"path":"inventory/storage.py","content":"\"\"\"JSON persistence for the library system.\"\"\"\n\nimport json\
     → ok Created inventory/storage.py.
  step 4: write_file {"path":"inventory/rules.py","content":"\"\"\"Business rules for the library system.\"\"\"\n\nfrom datetime im
     → ok Created inventory/rules.py.
  step 5: write_file {"path":"inventory/services.py","content":"\"\"\"Service layer for borrowing and returning books.\"\"\"\n\nfro
     → ok Created inventory/services.py.
  step 6: write_file {"path":"inventory/reports.py","content":"\"\"\"Reporting utilities for the library system.\"\"\"\n\nfrom coll
     → ok Created inventory/reports.py.
  step 7: write_file {"path":"inventory/cli.py","content":"\"\"\"Command line interface for the library system.\"\"\"\n\nimport arg
     → ok Created inventory/cli.py.
  step 8: write_file {"path":"main.py","content":"#!/usr/bin/env python3\n\nfrom inventory.cli import main\n\nif __name__ == \"__ma
     → ok Created main.py.
  step 9: run_command {"command":["bash","-lc","python3 -m py_compile inventory/models.py inventory/storage.py inventory/rules.py in
     → FAIL Note: run_command has no arg "timeout" (ignored) — did you mean "timeout_ms"? Arg "command
  step 10: run_command {"command":"python3 -m py_compile inventory/models.py inventory/storage.py inventory/rules.py inventory/servic
     → ok $ python3 -m py_compile inventory/models.py inventory/storage.py inventory/rules.py invent
  step 11: run_command {"command":"python3 main.py demo"}
     → FAIL $ python3 main.py demo (exit code: 2) usage: main.py [-h] --db DB {add-book,add-member,bor
  step 12: write_file {"path":"inventory/cli.py","search":"parser.add_argument(\"--db\", required=True, help=\"Path to JSON database
     → ok Updated inventory/cli.py. Now inventory/cli.py (lines 18-22 of 112): 18| def main(): 19| p
  step 13: write_file {"path":"inventory/cli.py","search":"def demo_sequence(db_path: Path):","replace":"def demo_sequence(db_path: 
     → ok Updated inventory/cli.py. Now inventory/cli.py (lines 86-114 of 137): 86| # temporary db i
  step 14: write_file {"path":"inventory/cli.py","search":"    # temporary db in a temp dir\n    import tempfile, shutil\n    tmp = 
     → ok No changes — "search" and "replace" are identical, so there is nothing to change in invent
  step 15: write_file {"path":"inventory/cli.py","search":"    # temporary db in a temp dir\n    import tempfile, shutil\n    tmp = 
     → ok No changes — "search" and "replace" are identical, so there is nothing to change in invent
  step 16: write_file {"path":"inventory/cli.py","search":"    # temporary db in a temp dir\n    import tempfile, shutil\n    tmp = 
     → ok No changes — "search" and "replace" are identical, so there is nothing to change in invent
  step 17: write_file {"path":"inventory/cli.py","search":"    db_path = Path(args.db)","replace":"    db_path = Path(args.db) if ar
     → ok Updated inventory/cli.py. Now inventory/cli.py (lines 55-59 of 137): 55| args = parser.par
  step 18: write_file {"path":"inventory/cli.py","search":"    service = LibraryService(str(db_path))","replace":"    if db_path is 
     → ok Updated inventory/cli.py. Now inventory/cli.py (lines 56-62 of 139): 56| 57| db_path = Pat
  step 19: write_file {"path":"inventory/cli.py","search":"elif args.cmd == \"demo\":\n            demo_sequence(db_path)","replace"
     → ok Updated inventory/cli.py. Now inventory/cli.py (lines 80-84 of 139): 80| print(f"{mid}: {f
  step 20: write_file {"path":"inventory/cli.py","search":"    if db_path is None and args.cmd != \"demo\":","replace":"    if db_pa
     → ok Updated inventory/cli.py. Now inventory/cli.py (lines 58-62 of 140): 58| if db_path is Non
  step 21: write_file {"path":"inventory/cli.py","search":"error(\"--db is required for this command\")","replace":"error(\"--db is 
     → FAIL The "search" text matches 2 places in inventory/cli.py: lines 59 and 60. Include a nearby 
  step 22: read_file {"path":"inventory/cli.py","start_line":50,"end_line":70}
     → ok inventory/cli.py (lines 50-70 of 140): 50| p_fees = sub.add_parser("fees", help="Show tota
  step 23: write_file {"path":"inventory/cli.py","search":"    if db_path is None and args.cmd != \"demo\":\n        error(\"--db is
     → ok Updated inventory/cli.py. Now inventory/cli.py (lines 58-62 of 139): 58| if db_path is Non
  step 24: write_file {"path":"inventory/cli.py","search":"elif args.cmd == \"demo\":\n            demo_sequence(None)","replace":"e
     → ok Updated inventory/cli.py. Now inventory/cli.py (lines 80-84 of 139): 80| print(f"{mid}: {f
  step 25: run_command {"command":"python3 main.py demo"}
     → ok $ python3 main.py demo (exit code: 0) Overdue in demo: ['123', '456'] Returned 123, fee: 1
  step 26: write_file {"path":"inventory/cli.py","search":"        demo_sequence(None)\n    except Exception as e:\n        error(st
     → ok Updated inventory/cli.py. Now inventory/cli.py (lines 80-85 of 138): 80| print(f"{mid}: {f
  step 27: read_file {"path":"inventory/cli.py","start_line":70,"end_line":100}
     → ok inventory/cli.py (lines 70-100 of 138): 70| elif args.cmd == "borrow": 71| service.borrow(
  step 28: write_file {"path":"inventory/cli.py","search":"        elif args.cmd == \"demo\":\n    except Exception as e:\n    error
     → ok Updated inventory/cli.py. Now inventory/cli.py (lines 80-86 of 139): 80| print(f"{mid}: {f
  step 29: run_command {"command":"python3 main.py demo"}
     → FAIL $ python3 main.py demo (exit code: 1) Traceback (most recent call last): File "/private/va
  step 30: read_file {"path":"inventory/cli.py","start_line":60,"end_line":90}
     → ok inventory/cli.py (lines 60-90 of 139): 60| service = LibraryService(str(db_path)) if db_pa
  step 31: write_file {"path":"inventory/cli.py","search":"        elif args.cmd == \"demo\":\n            demo_sequence(None)\n    
     → ok Updated inventory/cli.py. Now inventory/cli.py (lines 81-86 of 139): 81| elif args.cmd == 
  step 32: write_file {"path":"inventory/cli.py","search":"        elif args.cmd == \"demo\":\n            demo_sequence(None)\n    
     → FAIL write_file made no change to inventory/cli.py: your "search" matched lines 81-84, but afte
  step 33: read_file {"path":"inventory/cli.py","start_line":78,"end_line":86}
     → ok inventory/cli.py (lines 78-86 of 139): 78| elif args.cmd == "fees": 79| for mid, fee in re
  step 34: write_file {"path":"inventory/cli.py","search":"        elif args.cmd == \"demo\":\n            demo_sequence(None)\n    
     → FAIL write_file made no change to inventory/cli.py: your "search" matched lines 81-84, but afte
  step 35: write_file {"path":"inventory/cli.py","content":"#!/usr/bin/env python3\n\nimport argparse\nimport sys\nfrom pathlib impo
     → ok Updated inventory/cli.py. Now inventory/cli.py (lines 1-93 of 116): 1| #!/usr/bin/env pyth
  step 36: run_command {"command":"python3 main.py demo"}
     → ok $ python3 main.py demo (exit code: 0) Overdue in demo: ['123', '456'] Returned 123, fee: 1
  step 37: run_command {"command":"bash -lc \"python3 main.py add-book --db testdb.json --isbn 111 --title 'Test Book' --author 'Auth
     → FAIL $ bash -lc "python3 main.py add-book --db testdb.json --isbn 111 --title 'Test Book' --aut
  step 38: run_command {"command":"bash -lc \"python3 main.py --db testdb.json add-book --isbn 111 --title 'Test Book' --author 'Auth
     → ok $ bash -lc "python3 main.py --db testdb.json add-book --isbn 111 --title 'Test Book' --aut
  step 39: run_command {"command":"bash -lc \"python3 main.py --db testdb.json add-member --member-id m1 --name 'Member One'\""}
     → ok $ bash -lc "python3 main.py --db testdb.json add-member --member-id m1 --name 'Member One'
  step 40: run_command {"command":"bash -lc \"python3 main.py --db testdb.json borrow --member-id m1 --isbn 111 --date 2023-01-01\""}
     → ok $ bash -lc "python3 main.py --db testdb.json borrow --member-id m1 --isbn 111 --date 2023-
  step 41: run_command {"command":"bash -lc \"python3 main.py --db testdb.json return --isbn 111 --date 2023-01-20\""}
     → ok $ bash -lc "python3 main.py --db testdb.json return --isbn 111 --date 2023-01-20" (exit co
  step 42: run_command {"command":"bash -lc \"python3 main.py --db testdb.json overdue --date 2023-01-20\""}
     → ok $ bash -lc "python3 main.py --db testdb.json overdue --date 2023-01-20" (exit code: 0) (no
  step 43: run_command {"command":"bash -lc \"python3 main.py --db testdb.json fees\""}
     → ok $ bash -lc "python3 main.py --db testdb.json fees" (exit code: 0) m1: 1.25
  step 44: write_file {"path":"inventory/cli.py","search":"parser.add_argument(\"--db\", required=False, help=\"Path to JSON databas
     → ok Updated inventory/cli.py. Now inventory/cli.py (lines 18-22 of 116): 18| def main(): 19| p
  step 45: write_file {"path":"inventory/cli.py","search":"p_add_book = sub.add_parser(\"add-book\", help=\"Add a new book\")","repl
     → ok Updated inventory/cli.py. Now inventory/cli.py (lines 23-27 of 117): 23| # add-book 24| p_
  step 46: write_file {"path":"inventory/cli.py","search":"parser.add_argument(\"--db\", required=False, help=\"Path to JSON databas
     → FAIL The "search" text was not found in inventory/cli.py, even after trying a whitespace-tolera
  step 47: write_file {"path":"inventory/cli.py","search":"db_path = Path(args.db) if args.db else None","replace":"# db_path remove
     → ok Updated inventory/cli.py. Now inventory/cli.py (lines 56-60 of 117): 56| args = parser.par
  step 48: write_file {"path":"inventory/cli.py","search":"# global db option removed","replace":"parser.add_argument(\"--db\", requ
     → ok Updated inventory/cli.py. Now inventory/cli.py (lines 18-22 of 117): 18| def main(): 19| p
  step 49: run_command {"command":"bash -lc \"python3 main.py add-book --db testdb2.json --isbn 222 --title 'Book Two' --author 'Auth
     → FAIL $ bash -lc "python3 main.py add-book --db testdb2.json --isbn 222 --title 'Book Two' --aut
  step 50: write_file {"path":"inventory/cli.py","search":"args = parser.parse_args()","replace":"args = parser.parse_args()\n    db
     → ok Updated inventory/cli.py. Now inventory/cli.py (lines 55-59 of 118): 55| 56| args = parser
  step 51: write_file {"path":"inventory/cli.py","search":"# db_path removed","replace":"# db_path removed"}
     → ok No changes — "search" and "replace" are identical, so there is nothing to change in invent
  step 52: run_command {"command":"bash -lc \"python3 main.py add-book --db testdb2.json --isbn 222 --title 'Book Two' --author 'Auth
     → ok $ bash -lc "python3 main.py add-book --db testdb2.json --isbn 222 --title 'Book Two' --aut
  step 53: run_command {"command":"bash -lc \"python3 main.py add-member --db testdb2.json --member-id m2 --name 'Member Two'\""}
     → FAIL $ bash -lc "python3 main.py add-member --db testdb2.json --member-id m2 --name 'Member Two
  step 54: read_file {"path":"inventory/cli.py","start_line":1,"end_line":30}
     → ok inventory/cli.py (lines 1-30 of 118): 1| #!/usr/bin/env python3 2| 3| import argparse 4| i
  step 55: write_file {"path":"inventory/cli.py","search":"p_add_member = sub.add_parser(\"add-member\", help=\"Add a new member\")"
     → ok Updated inventory/cli.py. Now inventory/cli.py (lines 30-34 of 119): 30| # add-member 31| 
  step 56: run_command {"command":"bash -lc \"python3 main.py add-member --db testdb2.json --member-id m2 --name 'Member Two'\""}
     → ok $ bash -lc "python3 main.py add-member --db testdb2.json --member-id m2 --name 'Member Two
  step 57: run_command {"command":"bash -lc \"python3 main.py --db testdb2.json borrow --member-id m2 --isbn 222 --date 2023-01-01\""
     → ok $ bash -lc "python3 main.py --db testdb2.json borrow --member-id m2 --isbn 222 --date 2023
  step 58: run_command {"command":"bash -lc \"python3 main.py --db testdb2.json return --isbn 222 --date 2023-01-20\""}
     → ok $ bash -lc "python3 main.py --db testdb2.json return --isbn 222 --date 2023-01-20" (exit c
  step 59: run_command {"command":"bash -lc \"python3 main.py --db testdb2.json overdue --date 2023-01-20\""}
     → ok $ bash -lc "python3 main.py --db testdb2.json overdue --date 2023-01-20" (exit code: 0) (n
  step 60: run_command {"command":"bash -lc \"python3 main.py --db testdb2.json fees\""}
     → ok $ bash -lc "python3 main.py --db testdb2.json fees" (exit code: 0) m2: 1.25

FAIL t09-harder-build [mlx/773a7da77e569019bb0fd17a554b263738d669a3 thinking=auto] 109 iterations, 788.1s (model 1474.7s, tools 1.92s), cache hit 97.5%, reads 5 (redundant 0)
