  step 1: write_file {"path":"inventory/__init__.py","content":"# inventory package\n"}
     → ok Created inventory/__init__.py.
  step 2: write_file {"path":"inventory/models.py","content":"\"\"\"Data models for the library system.\"\"\"\n\nfrom __future__ im
     → ok Created inventory/models.py.
  step 3: write_file {"path":"inventory/storage.py","content":"\"\"\"JSON persistence for the library system.\"\"\"\n\nimport json\
     → ok Created inventory/storage.py.
  step 4: write_file {"path":"inventory/rules.py","content":"\"\"\"Business rules for the library system.\"\"\"\n\nfrom datetime im
     → ok Created inventory/rules.py.
  step 5: write_file {"path":"inventory/services.py","content":"\"\"\"Service layer for borrowing and returning books.\"\"\"\n\nfro
     → ok Created inventory/services.py.
  step 6: write_file {"path":"inventory/reports.py","content":"\"\"\"Reporting utilities for the library system.\"\"\"\n\nfrom coll
     → ok Created inventory/reports.py.
  step 7: write_file {"path":"inventory/cli.py","content":"\"\"\"Command line interface for the library system.\"\"\"\n\nimport arg
     → ok Created inventory/cli.py.
  step 8: write_file {"path":"main.py","content":"#!/usr/bin/env python3\n\nfrom inventory.cli import main\n\nif __name__ == \"__ma
     → ok Created main.py.
  step 9: run_command {"command":["bash","-lc","python3 -m py_compile inventory/models.py inventory/storage.py inventory/rules.py in
     → FAIL Missing required arg "command" (a shell command string).
  step 10: run_command {"command":"python3 -m py_compile inventory/models.py inventory/storage.py inventory/rules.py inventory/servic
     → ok $ python3 -m py_compile inventory/models.py inventory/storage.py inventory/rules.py invent
  step 11: run_command {"command":"python3 main.py demo","timeout":100000}
     → FAIL $ python3 main.py demo (exit code: 2) usage: main.py [-h] --db DB {add-book,add-member,bor
  step 12: write_file {"path":"inventory/cli.py","search":"parser.add_argument(\"--db\", required=True","replace":"parser.add_argume
     → ok Updated inventory/cli.py. Now inventory/cli.py (lines 18-22 of 112): 18| def main(): 19| p

FAIL t09-harder-build [mlx/773a7da77e569019bb0fd17a554b263738d669a3 thinking=auto] 25 iterations, 158.1s (model 314s, tools 0.09s), cache hit 89.8%, reads 0 (redundant 0)
