  step 1: write_file {"path":"inventory/__init__.py","content":"# inventory package\n"}
     → ok Created inventory/__init__.py.
  step 2: write_file {"path":"inventory/models.py","content":"\"\"\"Data models for the library system.\"\"\"\n\nfrom __future__ im
     → ok Created inventory/models.py.
  step 3: write_file {"path":"inventory/storage.py","content":"\"\"\"JSON persistence for the library system.\"\"\"\n\nimport json\
     → ok Created inventory/storage.py.
  step 4: write_file {"path":"inventory/rules.py","content":"\"\"\"Business rules for the library system.\"\"\"\n\nfrom datetime im
     → ok Created inventory/rules.py.
  step 5: write_file {"path":"inventory/services.py","content":"\"\"\"Service layer for borrowing and returning books.\"\"\"\n\nfro
     → ok Created inventory/services.py.
  step 6: write_file {"path":"inventory/reports.py","content":"\"\"\"Reporting utilities for the library system.\"\"\"\n\nfrom coll
     → ok Created inventory/reports.py.
  step 7: write_file {"path":"inventory/cli.py","content":"\"\"\"Command line interface for the library system.\"\"\"\n\nimport arg
     → ok Created inventory/cli.py.
  step 8: write_file {"path":"main.py","content":"#!/usr/bin/env python3\n\nfrom inventory.cli import main\n\nif __name__ == \"__ma
     → ok Created main.py.
  step 9: run_command {"command":["bash","-lc","python3 -m py_compile inventory/models.py inventory/storage.py inventory/rules.py in
     → FAIL Arg "command" must be a string, but you sent an array. Resend as {"tool":"run_command","ar
  step 10: run_command {"tool":"run_command","args":{"command":"python3 -m py_compile inventory/models.py inventory/storage.py invent
     → FAIL Missing required arg "command" (a shell command string).
  step 11: run_command {"command":"python3 -m py_compile inventory/models.py inventory/storage.py inventory/rules.py inventory/servic
     → ok $ python3 -m py_compile inventory/models.py inventory/storage.py inventory/rules.py invent
  step 12: run_command {"command":"python3 main.py demo"}
     → FAIL $ python3 main.py demo (exit code: 2) usage: main.py [-h] --db DB {add-book,add-member,bor
  step 13: run_command {"command":"python3 main.py demo --db demo.json"}
     → FAIL $ python3 main.py demo --db demo.json (exit code: 2) usage: main.py [-h] --db DB {add-book
  step 14: write_file {"path":"inventory/cli.py","search":"parser.add_argument(\"--db\", required=True","replace":"parser.add_argume
     → ok Updated inventory/cli.py. Now inventory/cli.py (lines 18-22 of 112): 18| def main(): 19| p
  step 15: read_file {"path":"inventory/cli.py","start_line":15,"end_line":25}
     → ok inventory/cli.py (lines 15-25 of 112): 15| 16| # main parser 17| 18| def main(): 19| parse
  step 16: write_file {"path":"inventory/cli.py","search":"parser.add_argument(\"--db\", required=False, help=\"Path to JSON databas
     → ok Updated inventory/cli.py. Now inventory/cli.py (lines 18-22 of 112): 18| def main(): 19| p
  step 17: run_command {"command":"python3 main.py demo --db demo.json"}
     → FAIL $ python3 main.py demo --db demo.json (exit code: 2) usage: main.py [-h] [--db DB] {add-bo
  step 18: run_command {"command":"python3 main.py --db demo.json demo"}
     → FAIL $ python3 main.py --db demo.json demo (exit code: 1) error: name 'Book' is not defined
  step 19: read_file {"path":"inventory/cli.py","start_line":1,"end_line":40}
     → ok inventory/cli.py (lines 1-40 of 112): 1| """Command line interface for the library system.
  step 20: write_file {"path":"inventory/cli.py","search":"from .services import LibraryService","replace":"from .services import Li
     → ok Updated inventory/cli.py. Now inventory/cli.py (lines 6-10 of 113): 6| 7| from .services i
  step 21: run_command {"command":"python3 main.py --db demo.json demo"}
     → ok $ python3 main.py --db demo.json demo (exit code: 0) Overdue in demo: ['123', '456'] Retur
  step 22: run_command {"command":"bash -lc \"tmpdb=$(mktemp -u)/demo.json; echo $tmpdb\""}
     → ok $ bash -lc "tmpdb=$(mktemp -u)/demo.json; echo $tmpdb" (exit code: 0) (no output)
  step 23: run_command {"command":"bash -lc \"tmpdir=$(mktemp -d); echo $tmpdir\""}
     → ok $ bash -lc "tmpdir=$(mktemp -d); echo $tmpdir" (exit code: 0) (no output)
  step 24: run_command {"command":"bash -lc \"python3 main.py add-book --db testdb.json --isbn 111 --title 'Test Book' --author 'Auth
     → FAIL $ bash -lc "python3 main.py add-book --db testdb.json --isbn 111 --title 'Test Book' --aut
  step 25: run_command {"command":"python3 main.py --db testdb.json add-book --isbn 111 --title 'Test Book' --author 'Author A'"}
     → ok $ python3 main.py --db testdb.json add-book --isbn 111 --title 'Test Book' --author 'Autho
  step 26: run_command {"command":"python3 main.py --db testdb.json add-member --member-id m1 --name 'Member One'"}
     → ok $ python3 main.py --db testdb.json add-member --member-id m1 --name 'Member One' (exit cod
  step 27: run_command {"command":"python3 main.py --db testdb.json borrow --member-id m1 --isbn 111 --date 2023-01-01"}
     → ok $ python3 main.py --db testdb.json borrow --member-id m1 --isbn 111 --date 2023-01-01 (exi
  step 28: run_command {"command":"python3 main.py --db testdb.json return --isbn 111 --date 2023-01-20"}
     → ok $ python3 main.py --db testdb.json return --isbn 111 --date 2023-01-20 (exit code: 0) fee:
  step 29: run_command {"command":"python3 main.py --db testdb.json overdue --date 2023-01-20"}
     → ok $ python3 main.py --db testdb.json overdue --date 2023-01-20 (exit code: 0) (no output)
  step 30: run_command {"command":"python3 main.py --db testdb.json fees"}
     → ok $ python3 main.py --db testdb.json fees (exit code: 0) m1: 1.25
  step 31: run_command {"command":"python3 inventory/models.py"}
     → ok $ python3 inventory/models.py (exit code: 0) (no output)
  step 32: run_command {"command":"python3 inventory/storage.py"}
     → FAIL $ python3 inventory/storage.py (exit code: 1) Traceback (most recent call last): File "/pr
  step 33: run_command {"command":"python3 -m inventory.storage"}
     → ok $ python3 -m inventory.storage (exit code: 0) (no output)
  step 34: run_command {"command":"python3 -m inventory.rules"}
     → ok $ python3 -m inventory.rules (exit code: 0) (no output)
  step 35: run_command {"command":"python3 -m inventory.services"}
     → ok $ python3 -m inventory.services (exit code: 0) (no output)
  step 36: run_command {"command":"python3 -m inventory.reports"}
     → ok $ python3 -m inventory.reports (exit code: 0) (no output)

FAIL t09-harder-build [mlx/773a7da77e569019bb0fd17a554b263738d669a3 thinking=auto] 70 iterations, 363.5s (model 585.33s, tools 0.64s), cache hit 96.3%, reads 2 (redundant 0)
