  step 1: list_dir {"path":"","depth":3}
     → ok Contents of (depth 3): data/ data/sales.csv main.py sales/ sales/aggregate.py sales/cli.py
  step 2: read_file {"path":"main.py","start_line":1,"end_line":400}
     → ok main.py (lines 1-6 of 6): 1| """Sales tools entry point.""" 2| from sales.cli import main 
  step 3: read_file {"path":"sales/cli.py","start_line":1,"end_line":400}
     → ok sales/cli.py (lines 1-44 of 44): 1| """Sales report CLI.""" 2| import argparse 3| import s
  step 4: read_file {"path":"sales/aggregate.py","start_line":1,"end_line":400}
     → ok sales/aggregate.py (lines 1-19 of 19): 1| """Sales aggregation.""" 2| from collections imp
  step 5: read_file {"path":"sales/parser.py","start_line":1,"end_line":400}
     → ok sales/parser.py (lines 1-21 of 21): 1| """Parse sales CSV rows.""" 2| import csv 3| from i
  step 6: read_file {"path":"sales/validate.py","start_line":1,"end_line":400}
     → ok sales/validate.py (lines 1-11 of 11): 1| """Row validation.""" 2| from datetime import dat
  step 7: read_file {"path":"data/sales.csv","start_line":1,"end_line":200}
     → ok data/sales.csv (lines 1-7 of 7): 1| date,product,qty,price 2| 2026-01-01,apple,2,1.50 3| 2
  step 8: write_file {"path":"sales/cli.py","edits":[{"search":"from sales.aggregte import grand_total, revenue_by_product, top_pro
     → ok Updated sales/cli.py. Now sales/cli.py (lines 3-17 of 44): 3| import sys 4| 5| from sales.
  step 9: write_file {"path":"sales/aggregate.py","edits":[{"search":"for row in rows:\n        totals[row[\"product\"]] += row[\"q
     → ok Updated sales/aggregate.py. Now sales/aggregate.py (lines 6-21 of 21): 6| totals = default
  step 10: read_file {"path":"sales/aggregate.py","start_line":1,"end_line":30}
     → ok sales/aggregate.py (lines 1-21 of 21): 1| """Sales aggregation.""" 2| from collections imp
  step 11: write_file {"path":"sales/aggregate.py","edits":[{"search":"    for row in rows:\n    totals[row[\"product\"]] += row[\"q
     → ok Updated sales/aggregate.py. Now sales/aggregate.py (lines 6-10 of 21): 6| totals = default
  step 12: write_file {"path":"sales/validate.py","edits":[{"search":"def validate_row(row)","replace":"def validate_row(row):"}]}
     → ok Updated sales/validate.py. Now sales/validate.py (lines 3-7 of 11): 3| 4| 5| def validate_
  step 13: write_file {"path":"sales/parser.py","edits":[{"search":"for row in reader:\n rows.append(\n {\n \"date\": row[\"date\"].
     → ok Updated sales/parser.py. Now sales/parser.py (lines 10-23 of 23): 10| rows = [] 11| for ro
  step 14: read_file {"path":"sales/parser.py","start_line":1,"end_line":200}
     → ok sales/parser.py (lines 1-23 of 23): 1| """Parse sales CSV rows.""" 2| import csv 3| from i
  step 15: write_file {"path":"sales/parser.py","edits":[{"search":"def load_rows(path: str):\n     with open(path, newline=\"\") as
     → ok Updated sales/parser.py. Now sales/parser.py (lines 5-21 of 21): 5| 6| def load_rows(path:
  step 16: run_command {"command":["bash","-lc","python3 -m py_compile $(git ls-files '*.py')"],"timeout":100000}
     → FAIL Arg "command" must be a string, but you sent an array. Resend as {"tool":"run_command","ar
  step 17: run_command {"command":"python3 -m py_compile $(git ls-files '*.py')"}
     → FAIL $ python3 -m py_compile $(git ls-files '*.py') (exit code: 2) fatal: not a git repository 
  step 18: list_dir {"path":"","depth":3}
     → ok Contents of (depth 3): data/ data/sales.csv main.py sales/ sales/aggregate.py sales/cli.py
  step 19: run_command {"command":"python3 -m py_compile main.py sales/*.py"}
     → ok $ python3 -m py_compile main.py sales/*.py (exit code: 0) (no output)
  step 20: run_command {"command":"python3 main.py report data/sales.csv"}
     → ok $ python3 main.py report data/sales.csv (exit code: 0) apple: 4.50 banana: 2.25 cherry: 4.
  step 21: run_command {"command":"python3 main.py top data/sales.csv"}
     → ok $ python3 main.py top data/sales.csv (exit code: 0) apple

PASS t10-seeded-bugs [mlx/773a7da77e569019bb0fd17a554b263738d669a3 thinking=auto] 43 iterations, 354.1s (model 585.93s, tools 0.17s), cache hit 93.6%, reads 8 (redundant 0)
